Last login: Fri Nov 21 16:27:08 on ttys000
(base) rohitanookala@Rohitas-MacBook-Pro ~ % cd DS3000_Project
(base) rohitanookala@Rohitas-MacBook-Pro DS3000_Project % git checkout
Your branch is up to date with 'origin/main'.
(base) rohitanookala@Rohitas-MacBook-Pro DS3000_Project % ls                   
DS3000_PROJECT.ipynb	cleaned_movie_data.csv
(base) rohitanookala@Rohitas-MacBook-Pro DS3000_Project % cd DS3000_PROJECT.ipynb
cd: not a directory: DS3000_PROJECT.ipynb
(base) rohitanookala@Rohitas-MacBook-Pro DS3000_Project % git status
On branch main
Your branch is up to date with 'origin/main'.

(base) rohitanookala@Rohitas-MacBook-Pro DS3000_Project % git pull
Already up to date.
(base) rohitanookala@Rohitas-MacBook-Pro DS3000_Project % head -20 DS3000_PROJECT.ipynb
{
 "cells": [
  {
   "cell_type": "markdown",
   "metadata": {
    "id": "dRW6knkP1HPH"
   },
   "source": [
    "# Phase II: Data Curation, Exploratory Analysis and Plotting (5\\%)\n",
    "\n",
    "### Team Members:\n",
    "- Rohita Nookala\n",
    "- Mihika Chalasani\n",
    "- Noura Alami\n",
    "- Massa Alhajjiri\n"
   ]
  },
  {
   "cell_type": "markdown",
   "metadata": {
(base) rohitanookala@Rohitas-MacBook-Pro DS3000_Project % git log --oneline DS3000_PROJECT.ipynb
0489731 (HEAD -> main, origin/main, origin/HEAD) resolved merge conflicts
7dbdb5f lin alg model
20f9b2e final version
2c914d8 Fixed Version
b293a8a fixed comments
fa4789a Add files via upload
14f6422 mihika data viz
53d4767 finished data cleaning
4897748 Part 1
(base) rohitanookala@Rohitas-MacBook-Pro DS3000_Project % git checkout HEAD ~1 DS3000_PROJECT.ipynb
zsh: not enough directory stack entries.
(base) rohitanookala@Rohitas-MacBook-Pro DS3000_Project % tail -20 DS3000_PROJECT.ipynb
   "display_name": "Python 3 (ipykernel)",
   "language": "python",
   "name": "python3"
  },
  "language_info": {
   "codemirror_mode": {
    "name": "ipython",
    "version": 3
   },
   "file_extension": ".py",
   "mimetype": "text/x-python",
   "name": "python",
   "nbconvert_exporter": "python",
   "pygments_lexer": "ipython3",
   "version": "3.13.5"
  }
 },
 "nbformat": 4,
 "nbformat_minor": 4
}
(base) rohitanookala@Rohitas-MacBook-Pro DS3000_Project % python3 -m json.tool DS3000_PROJECT.ipynb > /dev/null
Expecting value: line 103 column 1 (char 4842)
(base) rohitanookala@Rohitas-MacBook-Pro DS3000_Project % sed -n '95,110p' DS3000_PROJECT.ipynb
     "name": "stdout",
     "output_type": "stream",
     "text": [
      "Getting movie data...\n",
      "Creating DataFrame...\n",
      "\n",
      "Data Cleaning\n",
      "Original dataset size: 100 movies\n",
<<<<<<< HEAD
      "After cleaning: 54 movies\n",
=======
      "After cleaning: 51 movies\n",
>>>>>>> 7dbdb5f853899fc97e8ec773fe0e73f764e5b3ce
      "Missing values:\n",
      "movie_id        0\n",
      "title           0\n",
(base) rohitanookala@Rohitas-MacBook-Pro DS3000_Project % nano DS3000_PROJECT.ipynb

  UW PICO 5.09                   File: DS3000_PROJECT.ipynb                   Modified  

    {
     "name": "stdout",
     "output_type": "stream",
     "text": [
      "Getting movie data...\n",
      "Creating DataFrame...\n",
      "\n",
      "Data Cleaning\n",
      "Original dataset size: 100 movies\n",
      "After cleaning: 54 movies\n",
      "Missing values:\n",                      
      "movie_id        0\n",
      "title           0\n",
      "release_date    0\n",
      "popularity      0\n",
      "vote_average    0\n",
      "vote_count      0\n",
      "genre_names     0\n",
      "budget          0\n",
                                                                                        
^G Get Help   ^O WriteOut   ^R Read File  ^Y Prev Pg    ^K Cut Text   ^C Cur Pos    
^X Exit       ^J Justify    ^W Where is   ^V Next Pg    ^U UnCut Text ^T To Spell   
